------------------------------------------------------------
Timing Analyzer Summary
------------------------------------------------------------

Type  : Slow 1100mV 85C Model Setup 'PS2_Demo:KeyboardInput|current_state.S_L1'
Slack : -5.246
TNS   : -324.117

Type  : Slow 1100mV 85C Model Setup 'CLOCK_50'
Slack : -2.971
TNS   : -40.736

Type  : Slow 1100mV 85C Model Setup 'VGA|mypll|altpll_component|auto_generated|generic_pll1~PLL_OUTPUT_COUNTER|divclk'
Slack : 34.079
TNS   : 0.000

Type  : Slow 1100mV 85C Model Hold 'CLOCK_50'
Slack : 0.330
TNS   : 0.000

Type  : Slow 1100mV 85C Model Hold 'VGA|mypll|altpll_component|auto_generated|generic_pll1~PLL_OUTPUT_COUNTER|divclk'
Slack : 0.370
TNS   : 0.000

Type  : Slow 1100mV 85C Model Hold 'PS2_Demo:KeyboardInput|current_state.S_L1'
Slack : 0.959
TNS   : 0.000

Type  : Slow 1100mV 85C Model Minimum Pulse Width 'PS2_Demo:KeyboardInput|current_state.S_L1'
Slack : 0.235
TNS   : 0.000

Type  : Slow 1100mV 85C Model Minimum Pulse Width 'VGA|mypll|altpll_component|auto_generated|generic_pll1~FRACTIONAL_PLL|vcoph[0]'
Slack : 1.666
TNS   : 0.000

Type  : Slow 1100mV 85C Model Minimum Pulse Width 'CLOCK_50'
Slack : 8.848
TNS   : 0.000

Type  : Slow 1100mV 85C Model Minimum Pulse Width 'VGA|mypll|altpll_component|auto_generated|generic_pll1~PLL_OUTPUT_COUNTER|divclk'
Slack : 18.758
TNS   : 0.000

Type  : Slow 1100mV 0C Model Setup 'PS2_Demo:KeyboardInput|current_state.S_L1'
Slack : -5.182
TNS   : -327.571

Type  : Slow 1100mV 0C Model Setup 'CLOCK_50'
Slack : -2.824
TNS   : -37.127

Type  : Slow 1100mV 0C Model Setup 'VGA|mypll|altpll_component|auto_generated|generic_pll1~PLL_OUTPUT_COUNTER|divclk'
Slack : 34.202
TNS   : 0.000

Type  : Slow 1100mV 0C Model Hold 'CLOCK_50'
Slack : 0.309
TNS   : 0.000

Type  : Slow 1100mV 0C Model Hold 'VGA|mypll|altpll_component|auto_generated|generic_pll1~PLL_OUTPUT_COUNTER|divclk'
Slack : 0.343
TNS   : 0.000

Type  : Slow 1100mV 0C Model Hold 'PS2_Demo:KeyboardInput|current_state.S_L1'
Slack : 0.900
TNS   : 0.000

Type  : Slow 1100mV 0C Model Minimum Pulse Width 'PS2_Demo:KeyboardInput|current_state.S_L1'
Slack : 0.274
TNS   : 0.000

Type  : Slow 1100mV 0C Model Minimum Pulse Width 'VGA|mypll|altpll_component|auto_generated|generic_pll1~FRACTIONAL_PLL|vcoph[0]'
Slack : 1.666
TNS   : 0.000

Type  : Slow 1100mV 0C Model Minimum Pulse Width 'CLOCK_50'
Slack : 8.808
TNS   : 0.000

Type  : Slow 1100mV 0C Model Minimum Pulse Width 'VGA|mypll|altpll_component|auto_generated|generic_pll1~PLL_OUTPUT_COUNTER|divclk'
Slack : 18.739
TNS   : 0.000

Type  : Fast 1100mV 85C Model Setup 'PS2_Demo:KeyboardInput|current_state.S_L1'
Slack : -2.681
TNS   : -143.922

Type  : Fast 1100mV 85C Model Setup 'CLOCK_50'
Slack : -2.433
TNS   : -25.373

Type  : Fast 1100mV 85C Model Setup 'VGA|mypll|altpll_component|auto_generated|generic_pll1~PLL_OUTPUT_COUNTER|divclk'
Slack : 36.310
TNS   : 0.000

Type  : Fast 1100mV 85C Model Hold 'CLOCK_50'
Slack : 0.178
TNS   : 0.000

Type  : Fast 1100mV 85C Model Hold 'VGA|mypll|altpll_component|auto_generated|generic_pll1~PLL_OUTPUT_COUNTER|divclk'
Slack : 0.215
TNS   : 0.000

Type  : Fast 1100mV 85C Model Hold 'PS2_Demo:KeyboardInput|current_state.S_L1'
Slack : 0.537
TNS   : 0.000

Type  : Fast 1100mV 85C Model Minimum Pulse Width 'PS2_Demo:KeyboardInput|current_state.S_L1'
Slack : 0.287
TNS   : 0.000

Type  : Fast 1100mV 85C Model Minimum Pulse Width 'VGA|mypll|altpll_component|auto_generated|generic_pll1~FRACTIONAL_PLL|vcoph[0]'
Slack : 1.666
TNS   : 0.000

Type  : Fast 1100mV 85C Model Minimum Pulse Width 'CLOCK_50'
Slack : 8.840
TNS   : 0.000

Type  : Fast 1100mV 85C Model Minimum Pulse Width 'VGA|mypll|altpll_component|auto_generated|generic_pll1~PLL_OUTPUT_COUNTER|divclk'
Slack : 18.879
TNS   : 0.000

Type  : Fast 1100mV 0C Model Setup 'PS2_Demo:KeyboardInput|current_state.S_L1'
Slack : -2.456
TNS   : -135.954

Type  : Fast 1100mV 0C Model Setup 'CLOCK_50'
Slack : -1.864
TNS   : -18.675

Type  : Fast 1100mV 0C Model Setup 'VGA|mypll|altpll_component|auto_generated|generic_pll1~PLL_OUTPUT_COUNTER|divclk'
Slack : 36.665
TNS   : 0.000

Type  : Fast 1100mV 0C Model Hold 'CLOCK_50'
Slack : 0.169
TNS   : 0.000

Type  : Fast 1100mV 0C Model Hold 'VGA|mypll|altpll_component|auto_generated|generic_pll1~PLL_OUTPUT_COUNTER|divclk'
Slack : 0.197
TNS   : 0.000

Type  : Fast 1100mV 0C Model Hold 'PS2_Demo:KeyboardInput|current_state.S_L1'
Slack : 0.481
TNS   : 0.000

Type  : Fast 1100mV 0C Model Minimum Pulse Width 'PS2_Demo:KeyboardInput|current_state.S_L1'
Slack : 0.325
TNS   : 0.000

Type  : Fast 1100mV 0C Model Minimum Pulse Width 'VGA|mypll|altpll_component|auto_generated|generic_pll1~FRACTIONAL_PLL|vcoph[0]'
Slack : 1.666
TNS   : 0.000

Type  : Fast 1100mV 0C Model Minimum Pulse Width 'CLOCK_50'
Slack : 8.828
TNS   : 0.000

Type  : Fast 1100mV 0C Model Minimum Pulse Width 'VGA|mypll|altpll_component|auto_generated|generic_pll1~PLL_OUTPUT_COUNTER|divclk'
Slack : 18.882
TNS   : 0.000

------------------------------------------------------------
